[2025-11-07 06:18:35] ===== System Check Start =====
[2025-11-07 06:18:35] Hostname: devops-e2e-vm
[2025-11-07 06:18:35] Uptime: up 22 hours, 1 minute
[2025-11-07 06:18:35] Disk:
Filesystem      Size  Used Avail Use% Mounted on
/dev/sda1        39G  1.8G   37G   5% /
[2025-11-07 06:18:35] Memory:
               total        used        free      shared  buff/cache   available
Mem:           3.8Gi       204Mi       2.9Gi       0.0Ki       738Mi       3.4Gi
Swap:             0B          0B          0B
[2025-11-07 06:18:36] Load:
 06:18:36 up 22:01,  2 users,  load average: 0.00, 0.02, 0.00
[2025-11-07 06:18:36] ===== System Check End =====
[2025-11-07 06:27:37] ===== System Check Start =====
[2025-11-07 06:27:37] Hostname: devops-e2e-vm
[2025-11-07 06:27:37] Uptime: up 22 hours, 10 minutes
[2025-11-07 06:27:37] Disk:
Filesystem      Size  Used Avail Use% Mounted on
/dev/sda1        39G  2.1G   37G   6% /
[2025-11-07 06:27:37] Memory:
               total        used        free      shared  buff/cache   available
Mem:           3.8Gi       213Mi       2.5Gi       1.0Mi       1.1Gi       3.4Gi
Swap:             0B          0B          0B
[2025-11-07 06:27:37] Load:
 06:27:37 up 22:10,  2 users,  load average: 0.01, 0.13, 0.08
[2025-11-07 06:27:37] ===== System Check End =====
